// Jest Snapshot v1, https://goo.gl/fbAQLP

exports[`Sample introspect schema 1`] = `
"type Sample__c implements Entity {
  Id: ID!
  OwnerId: ID!
  IsDeleted: Boolean!
  Name: String
  CreatedDate: DateTime!
  CreatedById: ID!
  LastModifiedDate: DateTime!
  LastModifiedById: ID!
  SystemModstamp: DateTime!
  LastViewedDate: DateTime
  LastReferencedDate: DateTime
  SampleCheckbox__c: Boolean!
  SampleCurrency__c: Currency
  SampleDateTime__c: DateTime
  SampleDate__c: Date
  SampleEmail__c: Email
  SampleEncryptedText__c: EncryptedString
  SampleLongTextArea__c: TextArea
  SampleMultiPicklist__c: MultiPicklist
  SampleNumber__c: Float
  SamplePercent__c: Percent
  SamplePhone__c: Phone
  SamplePicklist__c: Picklist
  SampleRichTextArea__c: TextArea
  SampleTextArea__c: TextArea
  SampleText__c: String
  SampleTime__c: Time
  SampleURL__c: URL
}

interface Entity {
  Id: ID!
  Name: String
  CreatedDate: DateTime!
  LastModifiedDate: DateTime!
  SystemModstamp: DateTime!
  LastViewedDate: DateTime
}

scalar DateTime

scalar Currency

scalar Date

scalar Email

scalar EncryptedString

scalar TextArea

scalar MultiPicklist

scalar Percent

scalar Phone

scalar Picklist

scalar Time

scalar URL

type Query {
  Sample__c(limit: Int!, offset: Int, where: Sample__cWhere, order_by: [Sample__cOrderBy]): [Sample__c]
  Sample__c_by_id(id: ID): Sample__c
}

input Sample__cWhere {
  _and: [Sample__cWhere]
  _or: [Sample__cWhere]
  Id: IDOperator
  IsDeleted: BooleanOperator
  Name: StringOperator
  CreatedDate: DateTimeOperator
  CreatedById: OrderByEnum
  LastModifiedDate: DateTimeOperator
  LastModifiedById: OrderByEnum
  SystemModstamp: DateTimeOperator
  LastViewedDate: DateTimeOperator
  LastReferencedDate: DateTimeOperator
  SampleCheckbox__c: BooleanOperator
  SampleCurrency__c: CurrencyOperator
  SampleDateTime__c: DateTimeOperator
  SampleDate__c: DateOperator
  SampleEmail__c: EmailOperator
  SampleMultiPicklist__c: MultiPicklistOperator
  SampleNumber__c: FloatOperator
  SamplePercent__c: PercentOperator
  SamplePhone__c: PhoneOperator
  SamplePicklist__c: PicklistOperator
  SampleTextArea__c: TextAreaOperator
  SampleText__c: StringOperator
  SampleTime__c: TimeOperator
  SampleURL__c: URLOperator
}

input IDOperator {
  _eq: ID
  _neq: ID
  _gt: ID
  _lt: ID
  _gte: ID
  _lte: ID
  _in: [ID]
  _nin: [ID]
}

input BooleanOperator {
  _eq: Boolean
  _neq: Boolean
  _gt: Boolean
  _lt: Boolean
  _gte: Boolean
  _lte: Boolean
  _in: [Boolean]
  _nin: [Boolean]
}

input StringOperator {
  _eq: String
  _neq: String
  _gt: String
  _lt: String
  _gte: String
  _lte: String
  _in: [String]
  _nin: [String]
  _like: String
}

input DateTimeOperator {
  _eq: DateTime
  _neq: DateTime
  _gt: DateTime
  _lt: DateTime
  _gte: DateTime
  _lte: DateTime
  _in: [DateTime]
  _nin: [DateTime]
}

enum OrderByEnum {
  ASC
  DESC
  ASC_NULLS_FIRST
  ASC_NULLS_LAST
  DESC_NULLS_FIRST
  DESC_NULLS_LAST
}

input CurrencyOperator {
  _eq: Currency
  _neq: Currency
  _gt: Currency
  _lt: Currency
  _gte: Currency
  _lte: Currency
  _in: [Currency]
  _nin: [Currency]
}

input DateOperator {
  _eq: Date
  _neq: Date
  _gt: Date
  _lt: Date
  _gte: Date
  _lte: Date
  _in: [Date]
  _nin: [Date]
}

input EmailOperator {
  _eq: Email
  _neq: Email
  _gt: Email
  _lt: Email
  _gte: Email
  _lte: Email
  _in: [Email]
  _nin: [Email]
}

input MultiPicklistOperator {
  _eq: MultiPicklist
  _neq: MultiPicklist
  _gt: MultiPicklist
  _lt: MultiPicklist
  _gte: MultiPicklist
  _lte: MultiPicklist
  _in: [MultiPicklist]
  _nin: [MultiPicklist]
  _includes: MultiPicklist
  _excludes: MultiPicklist
}

input FloatOperator {
  _eq: Float
  _neq: Float
  _gt: Float
  _lt: Float
  _gte: Float
  _lte: Float
  _in: [Float]
  _nin: [Float]
}

input PercentOperator {
  _eq: Percent
  _neq: Percent
  _gt: Percent
  _lt: Percent
  _gte: Percent
  _lte: Percent
  _in: [Percent]
  _nin: [Percent]
}

input PhoneOperator {
  _eq: Phone
  _neq: Phone
  _gt: Phone
  _lt: Phone
  _gte: Phone
  _lte: Phone
  _in: [Phone]
  _nin: [Phone]
}

input PicklistOperator {
  _eq: Picklist
  _neq: Picklist
  _gt: Picklist
  _lt: Picklist
  _gte: Picklist
  _lte: Picklist
  _in: [Picklist]
  _nin: [Picklist]
}

input TextAreaOperator {
  _eq: TextArea
  _neq: TextArea
  _gt: TextArea
  _lt: TextArea
  _gte: TextArea
  _lte: TextArea
  _in: [TextArea]
  _nin: [TextArea]
}

input TimeOperator {
  _eq: Time
  _neq: Time
  _gt: Time
  _lt: Time
  _gte: Time
  _lte: Time
  _in: [Time]
  _nin: [Time]
}

input URLOperator {
  _eq: URL
  _neq: URL
  _gt: URL
  _lt: URL
  _gte: URL
  _lte: URL
  _in: [URL]
  _nin: [URL]
}

input Sample__cOrderBy {
  Id: OrderByEnum
  OwnerId: OrderByEnum
  IsDeleted: OrderByEnum
  Name: OrderByEnum
  CreatedDate: OrderByEnum
  CreatedById: OrderByEnum
  LastModifiedDate: OrderByEnum
  LastModifiedById: OrderByEnum
  SystemModstamp: OrderByEnum
  LastViewedDate: OrderByEnum
  LastReferencedDate: OrderByEnum
  SampleCheckbox__c: OrderByEnum
  SampleCurrency__c: OrderByEnum
  SampleDateTime__c: OrderByEnum
  SampleDate__c: OrderByEnum
  SampleEmail__c: OrderByEnum
  SampleNumber__c: OrderByEnum
  SamplePercent__c: OrderByEnum
  SamplePhone__c: OrderByEnum
  SamplePicklist__c: OrderByEnum
  SampleTextArea__c: OrderByEnum
  SampleText__c: OrderByEnum
  SampleTime__c: OrderByEnum
  SampleURL__c: OrderByEnum
}"
`;
